// Jest Snapshot v1, https://goo.gl/fbAQLP

exports[`LoginForm should matches snapshot 1`] = `
<div>
  <form
    class="css-1j7o29d"
  >
    <div
      class="MuiFormControl-root MuiTextField-root css-fvh51n-MuiFormControl-root-MuiTextField-root"
    >
      <div
        class="MuiInputBase-root MuiOutlinedInput-root MuiInputBase-colorPrimary MuiInputBase-formControl css-1tpp6ry-MuiInputBase-root-MuiOutlinedInput-root"
      >
        <input
          aria-describedby=":r0:-helper-text"
          aria-invalid="false"
          autocomplete="off"
          class="MuiInputBase-input MuiOutlinedInput-input css-1t8l2tu-MuiInputBase-input-MuiOutlinedInput-input"
          id=":r0:"
          name="email"
          placeholder="Input email"
          type="email"
          value=""
        />
        <fieldset
          aria-hidden="true"
          class="MuiOutlinedInput-notchedOutline css-1d3z3hw-MuiOutlinedInput-notchedOutline"
        >
          <legend
            class="css-ihdtdm"
          >
            <span
              class="notranslate"
            >
              ​
            </span>
          </legend>
        </fieldset>
      </div>
      <p
        class="MuiFormHelperText-root MuiFormHelperText-sizeMedium MuiFormHelperText-contained css-18iipir-MuiFormHelperText-root"
        id=":r0:-helper-text"
      >
        <p
          class="MuiTypography-root MuiTypography-body1 css-s4icm2-MuiTypography-root"
        />
      </p>
    </div>
    <div
      class="MuiFormControl-root MuiTextField-root css-fvh51n-MuiFormControl-root-MuiTextField-root"
    >
      <div
        class="MuiInputBase-root MuiOutlinedInput-root MuiInputBase-colorPrimary MuiInputBase-formControl css-1tpp6ry-MuiInputBase-root-MuiOutlinedInput-root"
      >
        <input
          aria-describedby=":r1:-helper-text"
          aria-invalid="false"
          autocomplete="off"
          class="MuiInputBase-input MuiOutlinedInput-input css-1t8l2tu-MuiInputBase-input-MuiOutlinedInput-input"
          id=":r1:"
          name="password"
          placeholder="Input password"
          type="password"
          value=""
        />
        <fieldset
          aria-hidden="true"
          class="MuiOutlinedInput-notchedOutline css-1d3z3hw-MuiOutlinedInput-notchedOutline"
        >
          <legend
            class="css-ihdtdm"
          >
            <span
              class="notranslate"
            >
              ​
            </span>
          </legend>
        </fieldset>
      </div>
      <p
        class="MuiFormHelperText-root MuiFormHelperText-sizeMedium MuiFormHelperText-contained css-18iipir-MuiFormHelperText-root"
        id=":r1:-helper-text"
      >
        <p
          class="MuiTypography-root MuiTypography-body1 css-s4icm2-MuiTypography-root"
        />
      </p>
    </div>
    <button
      class="MuiButtonBase-root MuiButton-root MuiButton-outlined MuiButton-outlinedPrimary MuiButton-sizeMedium MuiButton-outlinedSizeMedium MuiButton-root MuiButton-outlined MuiButton-outlinedPrimary MuiButton-sizeMedium MuiButton-outlinedSizeMedium css-1hd09f6-MuiButtonBase-root-MuiButton-root"
      tabindex="0"
      type="submit"
    >
      Login
      <span
        class="MuiTouchRipple-root css-8je8zh-MuiTouchRipple-root"
      />
    </button>
    <p
      class="MuiTypography-root MuiTypography-body1 css-s4icm2-MuiTypography-root"
    >
      ZnCMSn=C&gt;M
    </p>
  </form>
</div>
`;
