// Jest Snapshot v1, https://goo.gl/fbAQLP

exports[`CardGame should matches snapshot 1`] = `
<div>
  <div
    class="MuiBox-root css-sq7b5v"
  >
    <a
      href="/game-detail/3498"
    >
      <img
        class="css-1kw5lk5"
        src="https://media.rawg.io/media/games/456/456dea5e1c7e3cd07060c14e96612001.jpg"
      />
    </a>
    <div
      class="MuiBox-root css-1gx70ut"
    >
      <div
        class="MuiBox-root css-mbiude"
      >
        <a
          href="/login"
        >
          <button
            class="MuiButtonBase-root MuiButton-root MuiButton-text MuiButton-textPrimary MuiButton-sizeMedium MuiButton-textSizeMedium MuiButton-root MuiButton-text MuiButton-textPrimary MuiButton-sizeMedium MuiButton-textSizeMedium css-17rxn03-MuiButtonBase-root-MuiButton-root"
            tabindex="0"
            type="button"
          >
            Add to cart
            <span
              class="MuiButton-endIcon MuiButton-iconSizeMedium css-9tj150-MuiButton-endIcon"
            >
              <svg
                aria-hidden="true"
                class="MuiSvgIcon-root MuiSvgIcon-fontSizeMedium css-i4bv87-MuiSvgIcon-root"
                data-testid="AddIcon"
                focusable="false"
                viewBox="0 0 24 24"
              >
                <path
                  d="M19 13h-6v6h-2v-6H5v-2h6V5h2v6h6v2z"
                />
              </svg>
            </span>
          </button>
        </a>
        <p
          class="MuiTypography-root MuiTypography-body1 css-wfopbl-MuiTypography-root"
        >
          $
          50.12
        </p>
      </div>
      <a
        href="/game-detail/3498"
      >
        <h6
          class="MuiTypography-root MuiTypography-h6 css-1hvo8i1-MuiTypography-root"
        >
          Grand Theft Auto V
        </h6>
      </a>
      <p
        class="MuiTypography-root MuiTypography-body1 css-10rgspy-MuiTypography-root"
      >
        Released: 
        2013-09-17
      </p>
      <p
        class="MuiTypography-root MuiTypography-body1 css-10rgspy-MuiTypography-root"
      >
        Genres: 
        Action,Adventure
      </p>
    </div>
  </div>
</div>
`;
